../Core/Src/etx_ota_update.c:67:6:etx_ota_set_resp_sender	16	static
../Core/Src/etx_ota_update.c:74:17:crc32_stm32_bytes	32	static
../Core/Src/etx_ota_update.c:87:13:ota_uart_write	16	static
../Core/Src/etx_ota_update.c:93:6:OTA_LOGF	272	static
../Core/Src/etx_ota_update.c:108:13:etx_ota_send_resp	32	static
../Core/Src/etx_ota_update.c:155:13:ota_reset_session	4	static
../Core/Src/etx_ota_update.c:183:6:goto_application	40	static,ignoring_inline_asm
../Core/Src/etx_ota_update.c:268:21:pool_alloc	16	static
../Core/Src/etx_ota_update.c:286:13:pool_free	24	static
../Core/Src/etx_ota_update.c:301:6:etx_ota_worker_start	8	static
../Core/Src/etx_ota_update.c:320:6:etx_ota_post_frame	24	static
../Core/Src/etx_ota_update.c:343:13:ota_worker	64	static
../Core/Src/etx_ota_update.c:449:20:etx_process_data	136	static
../Core/Src/etx_ota_update.c:624:26:write_data_to_slot	64	static
../Core/Src/etx_ota_update.c:677:26:write_data_to_flash_app	56	static
../Core/Src/etx_ota_update.c:721:20:finalize_staged_image_and_mark	96	static
../Core/Src/etx_ota_update.c:764:16:get_available_slot_number	80	static
../Core/Src/etx_ota_update.c:802:6:load_new_app	96	static
../Core/Src/etx_ota_update.c:855:26:write_cfg_to_flash	64	static
