../Core/Src/etx_ota_update.c:65:6:etx_ota_set_resp_sender	16	static
../Core/Src/etx_ota_update.c:72:17:crc32_stm32_bytes	32	static
../Core/Src/etx_ota_update.c:85:13:ota_uart_write	16	static
../Core/Src/etx_ota_update.c:91:6:OTA_LOGF	272	static
../Core/Src/etx_ota_update.c:106:13:etx_ota_send_resp	32	static
../Core/Src/etx_ota_update.c:153:13:ota_reset_session	4	static
../Core/Src/etx_ota_update.c:161:6:goto_application	16	static,ignoring_inline_asm
../Core/Src/etx_ota_update.c:206:21:pool_alloc	16	static
../Core/Src/etx_ota_update.c:224:13:pool_free	24	static
../Core/Src/etx_ota_update.c:239:6:etx_ota_worker_start	8	static
../Core/Src/etx_ota_update.c:258:6:etx_ota_post_frame	24	static
../Core/Src/etx_ota_update.c:281:13:ota_worker	64	static
../Core/Src/etx_ota_update.c:387:20:etx_process_data	136	static
../Core/Src/etx_ota_update.c:561:26:write_data_to_slot	64	static
../Core/Src/etx_ota_update.c:614:26:write_data_to_flash_app	56	static
../Core/Src/etx_ota_update.c:658:20:finalize_staged_image_and_mark	96	static
../Core/Src/etx_ota_update.c:701:16:get_available_slot_number	80	static
../Core/Src/etx_ota_update.c:719:6:load_new_app	96	static
../Core/Src/etx_ota_update.c:772:26:write_cfg_to_flash	64	static
